[main]
font=JetBrainsMono Nerd Font:size=20
pad=10x10
term=xterm-256color

[colors]
# Preserve the generated sRGB palette and its tested contrast ratios.
alpha=1.0
background=0f1f21
foreground=f1f6f7
regular0=314143
regular1=ff8282
regular2=30d158
regular3=ffd600
regular4=5cb8ff
regular5=ea8dff
regular6=3cd3fe
regular7=b7b9b9
bright0=97abae
bright1=ff8ac4
bright2=00dac3
bright3=ff9230
bright4=a7aaff
bright5=fa9cff
bright6=00d2e0
bright7=e2e3e3
