{
  "version": "1.5.0",
  "plugins_used": [
    {
      "name": "ArtifactoryDetector"
    },
    {
      "name": "AWSKeyDetector"
    },
    {
      "name": "AzureStorageKeyDetector"
    },
    {
      "name": "BasicAuthDetector"
    },
    {
      "name": "CloudantDetector"
    },
    {
      "name": "DiscordBotTokenDetector"
    },
    {
      "name": "GitHubTokenDetector"
    },
    {
      "name": "HexHighEntropyString",
      "limit": 3.0
    },
    {
      "name": "IbmCloudIamDetector"
    },
    {
      "name": "IbmCosHmacDetector"
    },
    {
      "name": "JwtTokenDetector"
    },
    {
      "name": "KeywordDetector",
      "keyword_exclude": ""
    },
    {
      "name": "MailchimpDetector"
    },
    {
      "name": "NpmDetector"
    },
    {
      "name": "PrivateKeyDetector"
    },
    {
      "name": "SendGridDetector"
    },
    {
      "name": "SlackDetector"
    },
    {
      "name": "SoftlayerDetector"
    },
    {
      "name": "SquareOAuthDetector"
    },
    {
      "name": "StripeDetector"
    },
    {
      "name": "TwilioKeyDetector"
    }
  ],
  "filters_used": [
    {
      "path": "detect_secrets.filters.allowlist_filter.is_line_allowlisted"
    },
    {
      "path": "detect_secrets.filters.common.is_baseline_file",
      "filename": ".secrets.baseline"
    },
    {
      "path": "detect_secrets.filters.heuristic.is_indirect_reference"
    },
    {
      "path": "detect_secrets.filters.heuristic.is_likely_id_string"
    },
    {
      "path": "detect_secrets.filters.heuristic.is_lock_file"
    },
    {
      "path": "detect_secrets.filters.heuristic.is_not_alphanumeric_string"
    },
    {
      "path": "detect_secrets.filters.heuristic.is_potential_uuid"
    },
    {
      "path": "detect_secrets.filters.heuristic.is_prefixed_with_dollar_sign"
    },
    {
      "path": "detect_secrets.filters.heuristic.is_sequential_string"
    },
    {
      "path": "detect_secrets.filters.heuristic.is_swagger_file"
    },
    {
      "path": "detect_secrets.filters.heuristic.is_templated_secret"
    }
  ],
  "results": {
    ".github/workflows/compliance-guard.yml": [
      {
        "type": "Secret Keyword",
        "filename": ".github/workflows/compliance-guard.yml",
        "hashed_secret": "6843ff3168463c577588f82af48b7a01698382e1",
        "is_verified": false,
        "line_number": 209
      }
    ],
    ".gitleaksignore": [
      {
        "type": "Hex High Entropy String",
        "filename": ".gitleaksignore",
        "hashed_secret": "d782ccb6785b5e3cef91a149f946a38cea88fb81",
        "is_verified": false,
        "line_number": 2
      }
    ],
    "config/gitleaks.toml": [
      {
        "type": "AWS Access Key",
        "filename": "config/gitleaks.toml",
        "hashed_secret": "7e79c5ff2e007d584c63aa33c88b359f48f280f6",
        "is_verified": false,
        "line_number": 27
      },
      {
        "type": "Hex High Entropy String",
        "filename": "config/gitleaks.toml",
        "hashed_secret": "b3063cbdb9f9159ec45e90b72776b0cff1cc3854",
        "is_verified": false,
        "line_number": 51
      },
      {
        "type": "Hex High Entropy String",
        "filename": "config/gitleaks.toml",
        "hashed_secret": "061af67036c2b7563d57ec89bdc021b592e0bd9d",
        "is_verified": false,
        "line_number": 52
      }
    ],
    "defaults/dot_config/nvim/lazy-lock.json": [
      {
        "type": "Hex High Entropy String",
        "filename": "defaults/dot_config/nvim/lazy-lock.json",
        "hashed_secret": "1df1d517361843fb2bcb67489aec98066062c318",
        "is_verified": false,
        "line_number": 2
      },
      {
        "type": "Hex High Entropy String",
        "filename": "defaults/dot_config/nvim/lazy-lock.json",
        "hashed_secret": "f8670ef033ca7b4816da067ef3cdd605a946508e",
        "is_verified": false,
        "line_number": 3
      },
      {
        "type": "Hex High Entropy String",
        "filename": "defaults/dot_config/nvim/lazy-lock.json",
        "hashed_secret": "a05794a478a7b2c50f9411b5aa3e61ca7995c00e",
        "is_verified": false,
        "line_number": 4
      },
      {
        "type": "Hex High Entropy String",
        "filename": "defaults/dot_config/nvim/lazy-lock.json",
        "hashed_secret": "97dc697f76941ac5acf07626f72ee277ad41416a",
        "is_verified": false,
        "line_number": 5
      },
      {
        "type": "Hex High Entropy String",
        "filename": "defaults/dot_config/nvim/lazy-lock.json",
        "hashed_secret": "c30a592974e25e0c81d9bbb34d9ad47ea7d55dc5",
        "is_verified": false,
        "line_number": 6
      },
      {
        "type": "Hex High Entropy String",
        "filename": "defaults/dot_config/nvim/lazy-lock.json",
        "hashed_secret": "bfdd39d1751c6a682e269b2637e581cd9b0b7156",
        "is_verified": false,
        "line_number": 7
      },
      {
        "type": "Hex High Entropy String",
        "filename": "defaults/dot_config/nvim/lazy-lock.json",
        "hashed_secret": "c73c0325e0d8a8db7b239f52b730fd2ce5b19063",
        "is_verified": false,
        "line_number": 8
      },
      {
        "type": "Hex High Entropy String",
        "filename": "defaults/dot_config/nvim/lazy-lock.json",
        "hashed_secret": "4c46e029da945322766dc8aa3547b2455cd97331",
        "is_verified": false,
        "line_number": 9
      },
      {
        "type": "Hex High Entropy String",
        "filename": "defaults/dot_config/nvim/lazy-lock.json",
        "hashed_secret": "5ca8efaf875672105f06daaa8bddab099992c3fc",
        "is_verified": false,
        "line_number": 10
      },
      {
        "type": "Hex High Entropy String",
        "filename": "defaults/dot_config/nvim/lazy-lock.json",
        "hashed_secret": "9c1302a2faec1ab7af60d67653ea5c2fed8815ef",
        "is_verified": false,
        "line_number": 11
      },
      {
        "type": "Hex High Entropy String",
        "filename": "defaults/dot_config/nvim/lazy-lock.json",
        "hashed_secret": "feb2862adf3198223d7821bf4a23ccc255b9924d",
        "is_verified": false,
        "line_number": 12
      },
      {
        "type": "Hex High Entropy String",
        "filename": "defaults/dot_config/nvim/lazy-lock.json",
        "hashed_secret": "23093881fcf599ee49de43668e64285ad454861e",
        "is_verified": false,
        "line_number": 13
      },
      {
        "type": "Hex High Entropy String",
        "filename": "defaults/dot_config/nvim/lazy-lock.json",
        "hashed_secret": "8bf0050081c4c40f423aba2d7145648068774395",
        "is_verified": false,
        "line_number": 14
      },
      {
        "type": "Hex High Entropy String",
        "filename": "defaults/dot_config/nvim/lazy-lock.json",
        "hashed_secret": "311ad19c3ca4f4b6a07ecedf48db808dfe5ba2ee",
        "is_verified": false,
        "line_number": 15
      },
      {
        "type": "Hex High Entropy String",
        "filename": "defaults/dot_config/nvim/lazy-lock.json",
        "hashed_secret": "d789813ba17bb6217e800ea8e3d30a0061e8bc3a",
        "is_verified": false,
        "line_number": 16
      },
      {
        "type": "Hex High Entropy String",
        "filename": "defaults/dot_config/nvim/lazy-lock.json",
        "hashed_secret": "fb9f8db7a02026163bf9951c3b1e4e38dd73aaab",
        "is_verified": false,
        "line_number": 17
      },
      {
        "type": "Hex High Entropy String",
        "filename": "defaults/dot_config/nvim/lazy-lock.json",
        "hashed_secret": "1b392c86b55466213daa298f3a0757064b1bd4d7",
        "is_verified": false,
        "line_number": 18
      },
      {
        "type": "Hex High Entropy String",
        "filename": "defaults/dot_config/nvim/lazy-lock.json",
        "hashed_secret": "13a42f8a6aaad30c842a3cb25d50a3c00dc1b251",
        "is_verified": false,
        "line_number": 19
      },
      {
        "type": "Hex High Entropy String",
        "filename": "defaults/dot_config/nvim/lazy-lock.json",
        "hashed_secret": "182fb6b162227d75995d0f9c6da7bfc19650c129",
        "is_verified": false,
        "line_number": 20
      },
      {
        "type": "Hex High Entropy String",
        "filename": "defaults/dot_config/nvim/lazy-lock.json",
        "hashed_secret": "ee156b6bb148f64db9dba27d63bc9f53e64c492d",
        "is_verified": false,
        "line_number": 21
      },
      {
        "type": "Hex High Entropy String",
        "filename": "defaults/dot_config/nvim/lazy-lock.json",
        "hashed_secret": "06eb4a69635c6b8729c82c60674fac6c2f1b0c33",
        "is_verified": false,
        "line_number": 22
      },
      {
        "type": "Hex High Entropy String",
        "filename": "defaults/dot_config/nvim/lazy-lock.json",
        "hashed_secret": "5e2c982324ff0fa2b1298e0ddeb61db32ffdf579",
        "is_verified": false,
        "line_number": 23
      },
      {
        "type": "Hex High Entropy String",
        "filename": "defaults/dot_config/nvim/lazy-lock.json",
        "hashed_secret": "96826113d3e2f26d3bf477f968be022fb4d2f17b",
        "is_verified": false,
        "line_number": 24
      },
      {
        "type": "Hex High Entropy String",
        "filename": "defaults/dot_config/nvim/lazy-lock.json",
        "hashed_secret": "37c1be46f3c34f1f5bce5a92a002ff9bcac50340",
        "is_verified": false,
        "line_number": 25
      },
      {
        "type": "Hex High Entropy String",
        "filename": "defaults/dot_config/nvim/lazy-lock.json",
        "hashed_secret": "99da4574e023c99b0ab94317a83a788aaafd3fc0",
        "is_verified": false,
        "line_number": 26
      },
      {
        "type": "Hex High Entropy String",
        "filename": "defaults/dot_config/nvim/lazy-lock.json",
        "hashed_secret": "4d9e8162c92d31d9e85d348bb727da8694bbd19a",
        "is_verified": false,
        "line_number": 27
      },
      {
        "type": "Hex High Entropy String",
        "filename": "defaults/dot_config/nvim/lazy-lock.json",
        "hashed_secret": "c90259955c1ffc3d668d9ce8a982add550b51439",
        "is_verified": false,
        "line_number": 28
      },
      {
        "type": "Hex High Entropy String",
        "filename": "defaults/dot_config/nvim/lazy-lock.json",
        "hashed_secret": "4d214cee281b241ca2f213f9e8aeae69c3f62a7c",
        "is_verified": false,
        "line_number": 29
      },
      {
        "type": "Hex High Entropy String",
        "filename": "defaults/dot_config/nvim/lazy-lock.json",
        "hashed_secret": "84c9ff859f225c713d683ed7f1e26d352ac27be2",
        "is_verified": false,
        "line_number": 30
      },
      {
        "type": "Hex High Entropy String",
        "filename": "defaults/dot_config/nvim/lazy-lock.json",
        "hashed_secret": "dd90ab427819a4a57c6a36511597828cfe984246",
        "is_verified": false,
        "line_number": 31
      },
      {
        "type": "Hex High Entropy String",
        "filename": "defaults/dot_config/nvim/lazy-lock.json",
        "hashed_secret": "05451da22f1f354e481fdc1678014974bae74e50",
        "is_verified": false,
        "line_number": 32
      },
      {
        "type": "Hex High Entropy String",
        "filename": "defaults/dot_config/nvim/lazy-lock.json",
        "hashed_secret": "0f305546e18dacf3cdc13e231aa122d35d72578b",
        "is_verified": false,
        "line_number": 33
      },
      {
        "type": "Hex High Entropy String",
        "filename": "defaults/dot_config/nvim/lazy-lock.json",
        "hashed_secret": "50878928df5e3a18e753bf59c72c340381763506",
        "is_verified": false,
        "line_number": 34
      },
      {
        "type": "Hex High Entropy String",
        "filename": "defaults/dot_config/nvim/lazy-lock.json",
        "hashed_secret": "ddd211c3147978e73ff36e027f975d4e5c5d1cb2",
        "is_verified": false,
        "line_number": 35
      },
      {
        "type": "Hex High Entropy String",
        "filename": "defaults/dot_config/nvim/lazy-lock.json",
        "hashed_secret": "0e9784e7bb387ae3c1c07158cd2677c828467ce5",
        "is_verified": false,
        "line_number": 36
      },
      {
        "type": "Hex High Entropy String",
        "filename": "defaults/dot_config/nvim/lazy-lock.json",
        "hashed_secret": "f5a85768c2fb9cd32cbd893b504f70231ead0302",
        "is_verified": false,
        "line_number": 37
      },
      {
        "type": "Hex High Entropy String",
        "filename": "defaults/dot_config/nvim/lazy-lock.json",
        "hashed_secret": "14916ff8c3ce0e2cb8f7ebd7ebc1b15fae2ef578",
        "is_verified": false,
        "line_number": 38
      },
      {
        "type": "Hex High Entropy String",
        "filename": "defaults/dot_config/nvim/lazy-lock.json",
        "hashed_secret": "f000ed8966cc30f794ab626a797cf901e4b7b2ea",
        "is_verified": false,
        "line_number": 39
      },
      {
        "type": "Hex High Entropy String",
        "filename": "defaults/dot_config/nvim/lazy-lock.json",
        "hashed_secret": "d4157efe3888775794ba82ca3339d461525387f4",
        "is_verified": false,
        "line_number": 40
      },
      {
        "type": "Hex High Entropy String",
        "filename": "defaults/dot_config/nvim/lazy-lock.json",
        "hashed_secret": "b223b549cd2803161b56ed5dce4c999b08d7da67",
        "is_verified": false,
        "line_number": 41
      },
      {
        "type": "Hex High Entropy String",
        "filename": "defaults/dot_config/nvim/lazy-lock.json",
        "hashed_secret": "3ce50d6179317e8c7ba9a3927ff9efd442eac849",
        "is_verified": false,
        "line_number": 42
      },
      {
        "type": "Hex High Entropy String",
        "filename": "defaults/dot_config/nvim/lazy-lock.json",
        "hashed_secret": "c5a4dd70fef983facfebeced86624559239bf2f4",
        "is_verified": false,
        "line_number": 43
      },
      {
        "type": "Hex High Entropy String",
        "filename": "defaults/dot_config/nvim/lazy-lock.json",
        "hashed_secret": "d5f0175e1a5a93dc3840f72f91dba9af72eb1742",
        "is_verified": false,
        "line_number": 44
      },
      {
        "type": "Hex High Entropy String",
        "filename": "defaults/dot_config/nvim/lazy-lock.json",
        "hashed_secret": "8038994bf26fbd417a89077f6ef31d1ebf6544f9",
        "is_verified": false,
        "line_number": 45
      },
      {
        "type": "Hex High Entropy String",
        "filename": "defaults/dot_config/nvim/lazy-lock.json",
        "hashed_secret": "b0ea3c8a9f3e55a936c4343eb8ebc7f08d3cceb9",
        "is_verified": false,
        "line_number": 46
      },
      {
        "type": "Hex High Entropy String",
        "filename": "defaults/dot_config/nvim/lazy-lock.json",
        "hashed_secret": "afdc25c4cf6be95c6d0a5f0b68ccbb764754e3fb",
        "is_verified": false,
        "line_number": 47
      },
      {
        "type": "Hex High Entropy String",
        "filename": "defaults/dot_config/nvim/lazy-lock.json",
        "hashed_secret": "ee624d2312975cb802b89a0319851d4b539b7445",
        "is_verified": false,
        "line_number": 48
      },
      {
        "type": "Hex High Entropy String",
        "filename": "defaults/dot_config/nvim/lazy-lock.json",
        "hashed_secret": "ab9f47099d93246b168f0668503bf7bf9fa29945",
        "is_verified": false,
        "line_number": 49
      },
      {
        "type": "Hex High Entropy String",
        "filename": "defaults/dot_config/nvim/lazy-lock.json",
        "hashed_secret": "7e4e50257ab0971dcfb160ff41a024f44625117b",
        "is_verified": false,
        "line_number": 50
      },
      {
        "type": "Hex High Entropy String",
        "filename": "defaults/dot_config/nvim/lazy-lock.json",
        "hashed_secret": "bbab8d6b8542fe640e2d626137647f5f17d40364",
        "is_verified": false,
        "line_number": 51
      },
      {
        "type": "Hex High Entropy String",
        "filename": "defaults/dot_config/nvim/lazy-lock.json",
        "hashed_secret": "4fdb282347c71b41f8dfce9f0aa9895712d189c1",
        "is_verified": false,
        "line_number": 52
      },
      {
        "type": "Hex High Entropy String",
        "filename": "defaults/dot_config/nvim/lazy-lock.json",
        "hashed_secret": "7a4ad32c40710bf70f02a7b93b9f77b648c92c2d",
        "is_verified": false,
        "line_number": 53
      },
      {
        "type": "Hex High Entropy String",
        "filename": "defaults/dot_config/nvim/lazy-lock.json",
        "hashed_secret": "b090bdd1d5916498909d802dcbd7097ca9b5a6d5",
        "is_verified": false,
        "line_number": 54
      },
      {
        "type": "Hex High Entropy String",
        "filename": "defaults/dot_config/nvim/lazy-lock.json",
        "hashed_secret": "d01fa6ca9ff2df25a8f340d092d20530ecf69d07",
        "is_verified": false,
        "line_number": 55
      },
      {
        "type": "Hex High Entropy String",
        "filename": "defaults/dot_config/nvim/lazy-lock.json",
        "hashed_secret": "2e4aa9ae92c258da1d1bcf29d38bff6b0ddfcb7e",
        "is_verified": false,
        "line_number": 56
      },
      {
        "type": "Hex High Entropy String",
        "filename": "defaults/dot_config/nvim/lazy-lock.json",
        "hashed_secret": "f74e293d7f3cbea3435732dcc1704c5c03d8105e",
        "is_verified": false,
        "line_number": 57
      }
    ],
    "defaults/dot_config/xdg-desktop-portal/niri-portals.conf": [
      {
        "type": "Secret Keyword",
        "filename": "defaults/dot_config/xdg-desktop-portal/niri-portals.conf",
        "hashed_secret": "975682dff752922efa4e828df3a0f315224fc7fb",
        "is_verified": false,
        "line_number": 5
      }
    ],
    "defaults/dot_local/bin/executable_regex": [
      {
        "type": "Hex High Entropy String",
        "filename": "defaults/dot_local/bin/executable_regex",
        "hashed_secret": "b4c9248600a42f8c38c01b632f392dbcb4c7b19a",
        "is_verified": false,
        "line_number": 11
      }
    ],
    "docs/operations/REGISTRY.md": [
      {
        "type": "Hex High Entropy String",
        "filename": "docs/operations/REGISTRY.md",
        "hashed_secret": "2502d0d1f668f9f1ab2cb61e5b3f8ae12c0c2183",
        "is_verified": false,
        "line_number": 50
      }
    ],
    "docs/security/COMPLIANCE.md": [
      {
        "type": "Secret Keyword",
        "filename": "docs/security/COMPLIANCE.md",
        "hashed_secret": "643156943db74bc68a2196b39307cf69e09a3c19",
        "is_verified": false,
        "line_number": 120
      }
    ],
    "docs/security/HISTORY_FILTERING.md": [
      {
        "type": "Basic Auth Credentials",
        "filename": "docs/security/HISTORY_FILTERING.md",
        "hashed_secret": "9d4e1e23bd5b727046a9e3b4b7db57bd8d6ee684",
        "is_verified": false,
        "line_number": 56
      }
    ],
    "docs/security/SECRETS.md": [
      {
        "type": "Secret Keyword",
        "filename": "docs/security/SECRETS.md",
        "hashed_secret": "5dc56b9aab61867257a3c1bd7c786c9410d38cd2",
        "is_verified": false,
        "line_number": 86
      },
      {
        "type": "Secret Keyword",
        "filename": "docs/security/SECRETS.md",
        "hashed_secret": "8ad742ee5d26c1b43701e598e1ed767b4352377a",
        "is_verified": false,
        "line_number": 95
      },
      {
        "type": "Secret Keyword",
        "filename": "docs/security/SECRETS.md",
        "hashed_secret": "8a846dca305866d821748c007cf6b64adf00ea22",
        "is_verified": false,
        "line_number": 111
      },
      {
        "type": "Secret Keyword",
        "filename": "docs/security/SECRETS.md",
        "hashed_secret": "a64c89f2592b4dcccad86640cb7e063cc91e171e",
        "is_verified": false,
        "line_number": 127
      },
      {
        "type": "Secret Keyword",
        "filename": "docs/security/SECRETS.md",
        "hashed_secret": "9d4e1e23bd5b727046a9e3b4b7db57bd8d6ee684",
        "is_verified": false,
        "line_number": 142
      }
    ],
    "install.sh": [
      {
        "type": "Hex High Entropy String",
        "filename": "install.sh",
        "hashed_secret": "9a2664df4edcccc0a4a4e19b8c8941b7404593ef",
        "is_verified": false,
        "line_number": 176
      }
    ],
    "install/homebrew/dot.rb": [
      {
        "type": "Hex High Entropy String",
        "filename": "install/homebrew/dot.rb",
        "hashed_secret": "a872ca6d46a2f17d2097b6c2deb6444d914d6dda",
        "is_verified": false,
        "line_number": 18
      }
    ],
    "install/lib/package_managers.sh": [
      {
        "type": "Hex High Entropy String",
        "filename": "install/lib/package_managers.sh",
        "hashed_secret": "f2d53f2cf5b76fb7fba495e6495ca08c35782b70",
        "is_verified": false,
        "line_number": 60
      },
      {
        "type": "Hex High Entropy String",
        "filename": "install/lib/package_managers.sh",
        "hashed_secret": "1428666294fc86c7b02a059475cf5dbb2cb94ec9",
        "is_verified": false,
        "line_number": 61
      }
    ],
    "install/provision/run_onchange_10-linux-packages.sh.tmpl": [
      {
        "type": "Hex High Entropy String",
        "filename": "install/provision/run_onchange_10-linux-packages.sh.tmpl",
        "hashed_secret": "34064bd34dca58b3bbe0dadb3ad5bbcddac3ee9c",
        "is_verified": false,
        "line_number": 90
      }
    ],
    "scripts/diagnostics/smoke-test.sh": [
      {
        "type": "Secret Keyword",
        "filename": "scripts/diagnostics/smoke-test.sh",
        "hashed_secret": "40fd2f786c0ddd96f42a77979c75580b0c339723",
        "is_verified": false,
        "line_number": 77
      }
    ],
    "scripts/git-hooks/pre-commit-audit.sh": [
      {
        "type": "Secret Keyword",
        "filename": "scripts/git-hooks/pre-commit-audit.sh",
        "hashed_secret": "4df83255c622a0b960b91d62cff6257c6ebea589",
        "is_verified": false,
        "line_number": 37
      }
    ],
    "tests/framework/coverage_helpers.sh": [
      {
        "type": "Hex High Entropy String",
        "filename": "tests/framework/coverage_helpers.sh",
        "hashed_secret": "e8ff2fa90d13f8e5451809170abc13ff27912e2d",
        "is_verified": false,
        "line_number": 111
      }
    ],
    "tests/unit/auto/test_auto_cmd_secrets.sh": [
      {
        "type": "Secret Keyword",
        "filename": "tests/unit/auto/test_auto_cmd_secrets.sh",
        "hashed_secret": "9d4e1e23bd5b727046a9e3b4b7db57bd8d6ee684",
        "is_verified": false,
        "line_number": 79
      }
    ],
    "tests/unit/auto/test_auto_hashsum.sh": [
      {
        "type": "Hex High Entropy String",
        "filename": "tests/unit/auto/test_auto_hashsum.sh",
        "hashed_secret": "ee662f2bc691daa48d074542722d8e1b0587673c",
        "is_verified": false,
        "line_number": 53
      }
    ],
    "tests/unit/auto/test_auto_regex.sh": [
      {
        "type": "Hex High Entropy String",
        "filename": "tests/unit/auto/test_auto_regex.sh",
        "hashed_secret": "b4c9248600a42f8c38c01b632f392dbcb4c7b19a",
        "is_verified": false,
        "line_number": 46
      },
      {
        "type": "Hex High Entropy String",
        "filename": "tests/unit/auto/test_auto_regex.sh",
        "hashed_secret": "90bd1b48e958257948487b90bee080ba5ed00caa",
        "is_verified": false,
        "line_number": 47
      }
    ],
    "tests/unit/ci/test_doc_drift_egress_contract.sh": [
      {
        "type": "Hex High Entropy String",
        "filename": "tests/unit/ci/test_doc_drift_egress_contract.sh",
        "hashed_secret": "51631cef2d231c39f5e5dadd4cb90e07c370c840",
        "is_verified": false,
        "line_number": 16
      }
    ],
    "tests/unit/ci/test_egress_block_rollout.sh": [
      {
        "type": "Hex High Entropy String",
        "filename": "tests/unit/ci/test_egress_block_rollout.sh",
        "hashed_secret": "51631cef2d231c39f5e5dadd4cb90e07c370c840",
        "is_verified": false,
        "line_number": 14
      }
    ],
    "tests/unit/diagnostics/test_diagnostics_doctor.sh": [
      {
        "type": "Private Key",
        "filename": "tests/unit/diagnostics/test_diagnostics_doctor.sh",
        "hashed_secret": "1348b145fa1a555461c1b790a2f66614781091e9",
        "is_verified": false,
        "line_number": 112
      }
    ],
    "tests/unit/functions/test_secrets_provider_behavior.sh": [
      {
        "type": "Secret Keyword",
        "filename": "tests/unit/functions/test_secrets_provider_behavior.sh",
        "hashed_secret": "de7aec7da54b4997d11bbd9aac8c7f334e03e496",
        "is_verified": false,
        "line_number": 59
      }
    ],
    "tests/unit/init/test_init_url_resolver_fuzz.sh": [
      {
        "type": "Basic Auth Credentials",
        "filename": "tests/unit/init/test_init_url_resolver_fuzz.sh",
        "hashed_secret": "9d4e1e23bd5b727046a9e3b4b7db57bd8d6ee684",
        "is_verified": false,
        "line_number": 103
      }
    ],
    "tests/unit/install/test_package_managers_comprehensive.sh": [
      {
        "type": "Hex High Entropy String",
        "filename": "tests/unit/install/test_package_managers_comprehensive.sh",
        "hashed_secret": "1428666294fc86c7b02a059475cf5dbb2cb94ec9",
        "is_verified": false,
        "line_number": 96
      }
    ],
    "tests/unit/secrets/test_atuin_history_filter.sh": [
      {
        "type": "AWS Access Key",
        "filename": "tests/unit/secrets/test_atuin_history_filter.sh",
        "hashed_secret": "52f3a0b3cab7fe291c91a2d2ee1b0d6122f18930",
        "is_verified": false,
        "line_number": 76
      },
      {
        "type": "Basic Auth Credentials",
        "filename": "tests/unit/secrets/test_atuin_history_filter.sh",
        "hashed_secret": "7e65f1e2894b7b3176e1cd18374594cfebd0eb1d",
        "is_verified": false,
        "line_number": 83
      },
      {
        "type": "Basic Auth Credentials",
        "filename": "tests/unit/secrets/test_atuin_history_filter.sh",
        "hashed_secret": "58e32e3dc96c98e6d4af09ff8c0a0b794fd52845",
        "is_verified": false,
        "line_number": 87
      }
    ],
    "tests/unit/shell/test_shell_secrets_autoload.sh": [
      {
        "type": "Secret Keyword",
        "filename": "tests/unit/shell/test_shell_secrets_autoload.sh",
        "hashed_secret": "5d8b1241b0484dd20c2cfeca6f692becfbab5d18",
        "is_verified": false,
        "line_number": 36
      }
    ]
  },
  "generated_at": "2026-08-06T08:06:34Z"
}
