font_family JetBrainsMono Nerd Font
bold_font SF Mono Bold
italic_font SF Mono Regular Italic
bold_italic_font SF Mono Bold Italic
font_size 20

window_padding_width 16
# A terminal is a large reading surface: keep it opaque so generated sRGB
# colours retain their tested contrast instead of blending with the wallpaper.
background_opacity 1.0
dim_opacity 0.75
confirm_os_window_close 0
enable_audio_bell no
cursor_trail 0

background #1c1b25
foreground #f5f5f8
selection_background #3b3a52
selection_foreground #f5f5f8
cursor #a7aaff

color0  #3e3d49
color1  #ff8081
color2  #30d158
color3  #ffd600
color4  #5cb8ff
color5  #ea8dff
color6  #3cd3fe
color7  #b9b8ba
color8  #a6a5b2
color9  #ff8ac4
color10 #00dac3
color11 #ff9230
color12 #a7aaff
color13 #fa9cff
color14 #00d2e0
color15 #e2e2e3
