[main]
font=JetBrainsMono Nerd Font:size=20
pad=10x10
term=xterm-256color

[colors]
# Preserve the generated sRGB palette and its tested contrast ratios.
alpha=1.0
background=f3f1fa
foreground=1d1d1e
regular0=2c2c2d
regular1=a80000
regular2=005f08
regular3=764600
regular4=0046c3
regular5=8e00a1
regular6=005582
regular7=515152
bright0=48484a
bright1=a70022
bright2=005d4f
bright3=972c00
bright4=3334c3
bright5=7d0091
bright6=00596f
bright7=969697
