--- Dotfiles Doctor ---

== Core Shells ==
  <checks>

== Modern CLI Tools ==
  <checks>

== Infrastructure ==
  <checks>

== AI CLIs ==
  <checks>

== Environment ==
  <checks>

== Platform ==
  <checks>

== State ==
  <checks>

== Pre-Push Audit Bypass ==
  <checks>

== Atuin History Filter ==
  <checks>

== Topgrade Integration ==
  <checks>

== Performance ==
  <checks>
