

◈ DOTFILES
Dot • Diagnostics

Dotfiles Health Dashboard



▸ Dotfiles Core
───────────────────────────────────────────────
* <check> <state>


▸ Shell Environment
───────────────────────────────────────────────
* <check> <state>


▸ Development Tools
───────────────────────────────────────────────
* <check> <state>


▸ CLI Tools
───────────────────────────────────────────────
* <check> <state>


▸ Editors
───────────────────────────────────────────────
* <check> <state>


▸ Terminal
───────────────────────────────────────────────
* <check> <state>


▸ Security
───────────────────────────────────────────────
* <check> <state>


▸ Config Directories
───────────────────────────────────────────────
* <check> <state>


▸ Sync Status
───────────────────────────────────────────────
* <check> <state>


▸ Performance
───────────────────────────────────────────────
* <check> <state>

Summary

  Total checks:  <n>
  Passed:        <n>
  Warnings:      <n>
  Failures:      <n>

  Health Score: <score>

  <health summary>
