###############################################
# ██████╗  ██████╗ ████████╗███████╗██╗██╗     ███████╗███████╗
# ██╔══██╗██╔═══██╗╚══██╔══╝██╔════╝██║██║     ██╔════╝██╔════╝
# ██║  ██║██║   ██║   ██║   █████╗  ██║██║     █████╗  ███████╗
# ██║  ██║██║   ██║   ██║   ██╔══╝  ██║██║     ██╔══╝  ╚════██║
# ██████╔╝╚██████╔╝   ██║   ██║     ██║███████╗███████╗███████║
# ╚═════╝  ╚═════╝    ╚═╝   ╚═╝     ╚═╝╚══════╝╚══════╝╚══════╝
#
# Simply design to fit your shell life
# Ghostty Configuration (v0.0.0)
# Cross-Platform: macOS, Linux, WSL
###############################################

##########
# Theme  #
##########
# Managed by chezmoi from DOTFILES_THEME

###############
# Appearance  #
###############
# Large reading surfaces stay opaque so semantic colours keep their contrast.
background-opacity = 1.0
background-blur = 0
window-padding-x = 16
window-padding-y = 12
window-padding-balance = true
window-padding-color = background
unfocused-split-opacity = 0.95

############
# macOS UI #
############
macos-titlebar-style = tabs
macos-option-as-alt = true
window-colorspace = display-p3
window-save-state = always
window-vsync = true

################
#  Linux / WSL #
################
# Enterprise tweaks for Linux consistency
gtk-titlebar = true
# gtk-single-instance = true
# linux-cme-preedit-ime = true

################
# Typography   #
################
# Primary: User preference (Apple Native)
# Fallback logic is handled by Ghostty attempting the first found.
font-family = "JetBrainsMono Nerd Font"
font-family = "JetBrains Mono"
font-family = "Noto Sans Mono"
font-family = "Roboto Mono"

font-size = 20
adjust-cell-width = -1
font-thicken = true
font-thicken-strength = 1
adjust-cell-height = 2
adjust-font-baseline = 0

#####################
# Behaviour / UX    #
#####################
scrollback-limit = 10000
working-directory = home
window-inherit-working-directory = true
shell-integration = bash
command = /usr/bin/env bash
quit-after-last-window-closed = true
window-decoration = auto
clipboard-read = allow
clipboard-write = allow

################
# Keybindings  #
################
keybind = cmd+shift+,=reload_config
keybind = opt+super+left=previous_tab
keybind = opt+super+right=next_tab
# Linux/Windows friendly alternatives (using Alt/Ctrl)
keybind = ctrl+shift+,=reload_config
####################################
# Linux Mac-style terminal keys    #
# (keyd maps physical Cmd to Ctrl) #
####################################
# copy_to_clipboard only fires when text is selected,
# otherwise Ctrl+C passes through as SIGINT
keybind = ctrl+c=copy_to_clipboard
keybind = ctrl+v=paste_from_clipboard
keybind = ctrl+t=new_tab
keybind = ctrl+w=close_surface
keybind = ctrl+n=new_window
keybind = ctrl+q=quit
keybind = ctrl+shift+left_bracket=previous_tab
keybind = ctrl+shift+right_bracket=next_tab
keybind = ctrl+equal=increase_font_size:1
keybind = ctrl+minus=decrease_font_size:1
keybind = ctrl+zero=reset_font_size
keybind = ctrl+k=clear_screen

################
# Colors       #
################
background = #0f1f21
foreground = #f1f6f7
cursor-color = #60daee
cursor-text = #0f1f21
selection-background = #1c4248
selection-foreground = #f1f6f7
palette = 0=#314143
palette = 1=#fa756d
palette = 2=#61d677
palette = 3=#e5cc4b
palette = 4=#61b9f2
palette = 5=#f28de7
palette = 6=#60daee
palette = 7=#b7b9b9
palette = 8=#4e6163
palette = 9=#ff9d93
palette = 10=#7ef391
palette = 11=#ffe866
palette = 12=#97d3ff
palette = 13=#ffb2f8
palette = 14=#9df3ff
palette = 15=#e2e3e3
